2026-02-28 11:00:48 [INFO] : Opening register page
2026-02-28 11:00:49 [INFO] : User enters details
2026-02-28 11:00:52 [INFO] : Test completed
2026-02-28 11:14:23 [INFO] : Opening register page
2026-02-28 11:14:23 [INFO] : Opening login page
2026-02-28 11:14:25 [INFO] : User enters details
2026-02-28 11:14:27 [INFO] : Test completed
2026-02-28 11:14:30 [ERROR] : Login test failed: [2mexpect([22m[31mpage[39m[2m).[22mtoHaveTitle[2m([22m[32mexpected[39m[2m)[22m failed

Expected pattern: [32m/My Accoun/[39m
Received string:  [31m"Account Login"[39m
Timeout: 5000ms

Call log:
[2m  - Expect "toHaveTitle" with timeout 5000ms[22m
[2m    8 × unexpected value "Account Login"[22m

2026-02-28 13:12:54 [INFO] : Opening login page
2026-02-28 13:12:54 [INFO] : Opening register page
2026-02-28 13:12:56 [INFO] : User enters details
2026-02-28 13:12:59 [INFO] : Test completed
2026-02-28 13:13:02 [ERROR] : Login test failed: [2mexpect([22m[31mpage[39m[2m).[22mtoHaveTitle[2m([22m[32mexpected[39m[2m)[22m failed

Expected pattern: [32m/My Accoun/[39m
Received string:  [31m"Account Login"[39m
Timeout: 5000ms

Call log:
[2m  - Expect "toHaveTitle" with timeout 5000ms[22m
[2m    8 × unexpected value "Account Login"[22m

2026-03-17 15:01:16 [INFO] : Opening register page
2026-03-17 15:01:16 [INFO] : Opening login page
2026-03-17 15:01:18 [INFO] : User enters details
2026-03-17 15:01:20 [INFO] : Test completed
2026-03-17 15:01:23 [ERROR] : Login test failed: [2mexpect([22m[31mpage[39m[2m).[22mtoHaveTitle[2m([22m[32mexpected[39m[2m)[22m failed

Expected pattern: [32m/My Accoun/[39m
Received string:  [31m"Account Login"[39m
Timeout: 5000ms

Call log:
[2m  - Expect "toHaveTitle" with timeout 5000ms[22m
[2m    9 × unexpected value "Account Login"[22m

2026-03-27 10:15:34 [INFO] : Opening register page
2026-03-27 10:15:34 [INFO] : Opening login page
2026-03-27 10:15:38 [INFO] : User enters details
2026-03-27 10:15:41 [INFO] : Test completed
2026-03-27 10:15:43 [ERROR] : Login test failed: [2mexpect([22m[31mpage[39m[2m).[22mtoHaveTitle[2m([22m[32mexpected[39m[2m)[22m failed

Expected pattern: [32m/My Accoun/[39m
Received string:  [31m"Account Login"[39m
Timeout: 5000ms

Call log:
[2m  - Expect "toHaveTitle" with timeout 5000ms[22m
[2m    9 × unexpected value "Account Login"[22m

2026-03-27 10:15:44 [INFO] : Opening register page
2026-03-27 10:15:45 [INFO] : User enters details
2026-03-27 10:15:47 [INFO] : Test completed
2026-03-27 10:15:47 [INFO] : Opening login page
2026-03-27 10:15:53 [ERROR] : Login test failed: [2mexpect([22m[31mpage[39m[2m).[22mtoHaveTitle[2m([22m[32mexpected[39m[2m)[22m failed

Expected pattern: [32m/My Accoun/[39m
Received string:  [31m"Account Login"[39m
Timeout: 5000ms

Call log:
[2m  - Expect "toHaveTitle" with timeout 5000ms[22m
[2m    9 × unexpected value "Account Login"[22m

2026-03-27 10:46:25 [INFO] : Opening register page
2026-03-27 10:46:25 [INFO] : Opening login page
2026-03-27 10:46:29 [INFO] : User enters details
2026-03-27 10:46:30 [INFO] : Test completed
2026-03-27 10:46:34 [INFO] : Opening register page
2026-03-27 10:46:34 [ERROR] : Login test failed: [2mexpect([22m[31mpage[39m[2m).[22mtoHaveTitle[2m([22m[32mexpected[39m[2m)[22m failed

Expected pattern: [32m/My Accoun/[39m
Received string:  [31m"Account Login"[39m
Timeout: 5000ms

Call log:
[2m  - Expect "toHaveTitle" with timeout 5000ms[22m
[2m    9 × unexpected value "Account Login"[22m

2026-03-27 10:46:34 [INFO] : User enters details
2026-03-27 10:46:36 [INFO] : Test completed
2026-03-27 10:46:38 [INFO] : Opening login page
2026-03-27 10:46:44 [ERROR] : Login test failed: [2mexpect([22m[31mpage[39m[2m).[22mtoHaveTitle[2m([22m[32mexpected[39m[2m)[22m failed

Expected pattern: [32m/My Accoun/[39m
Received string:  [31m"Account Login"[39m
Timeout: 5000ms

Call log:
[2m  - Expect "toHaveTitle" with timeout 5000ms[22m
[2m    9 × unexpected value "Account Login"[22m

2026-03-27 10:59:22 [INFO] : Opening login page
2026-03-27 10:59:22 [INFO] : Opening register page
2026-03-27 10:59:26 [INFO] : User enters details
2026-03-27 10:59:27 [INFO] : Test completed
2026-03-27 10:59:30 [INFO] : Opening register page
2026-03-27 10:59:31 [ERROR] : Login test failed: [2mexpect([22m[31mpage[39m[2m).[22mtoHaveTitle[2m([22m[32mexpected[39m[2m)[22m failed

Expected pattern: [32m/My Accoun/[39m
Received string:  [31m"Account Login"[39m
Timeout: 5000ms

Call log:
[2m  - Expect "toHaveTitle" with timeout 5000ms[22m
[2m    9 × unexpected value "Account Login"[22m

2026-03-27 10:59:31 [INFO] : User enters details
2026-03-27 10:59:33 [INFO] : Test completed
2026-03-27 10:59:35 [INFO] : Opening login page
2026-03-27 10:59:41 [ERROR] : Login test failed: [2mexpect([22m[31mpage[39m[2m).[22mtoHaveTitle[2m([22m[32mexpected[39m[2m)[22m failed

Expected pattern: [32m/My Accoun/[39m
Received string:  [31m"Account Login"[39m
Timeout: 5000ms

Call log:
[2m  - Expect "toHaveTitle" with timeout 5000ms[22m
[2m    9 × unexpected value "Account Login"[22m

2026-03-30 11:59:24 [INFO] : Opening register page
2026-03-30 11:59:24 [INFO] : Opening login page
2026-03-30 11:59:28 [INFO] : User enters details
2026-03-30 11:59:30 [INFO] : Test completed
2026-03-30 11:59:33 [ERROR] : Login test failed: [2mexpect([22m[31mpage[39m[2m).[22mtoHaveTitle[2m([22m[32mexpected[39m[2m)[22m failed

Expected pattern: [32m/My Accoun/[39m
Received string:  [31m"Account Login"[39m
Timeout: 5000ms

Call log:
[2m  - Expect "toHaveTitle" with timeout 5000ms[22m
[2m    8 × unexpected value "Account Login"[22m

2026-03-30 11:59:36 [INFO] : Opening register page
2026-03-30 11:59:37 [INFO] : User enters details
2026-03-30 11:59:38 [INFO] : Test completed
2026-03-30 11:59:38 [INFO] : Opening login page
2026-03-30 11:59:45 [ERROR] : Login test failed: [2mexpect([22m[31mpage[39m[2m).[22mtoHaveTitle[2m([22m[32mexpected[39m[2m)[22m failed

Expected pattern: [32m/My Accoun/[39m
Received string:  [31m"Account Login"[39m
Timeout: 5000ms

Call log:
[2m  - Expect "toHaveTitle" with timeout 5000ms[22m
[2m    9 × unexpected value "Account Login"[22m

